C:\mingw64\bin\g++.exe : C:/mingw64/bin/../lib/gcc/x86_64-w64-mingw32/16.1.0/../../../../x86_64-w64-mingw32/bin/ld.exe: cannot find -lSDL2_image: No such file 
or directory
At line:1 char:1
+ C:\mingw64\bin\g++.exe src/main.cpp -o game.exe -IC:/SDL2mingw/x86_64 ...
+ ~~~~~~~~~~~~~~~~~~~~~~~~~~~~~~~~~~~~~~~~~~~~~~~~~~~~~~~~~~~~~~~~~~~~~
    + CategoryInfo          : NotSpecified: (C:/mingw64/bin/...le or directory:String) [], RemoteException
    + FullyQualifiedErrorId : NativeCommandError
 
C:/mingw64/bin/../lib/gcc/x86_64-w64-mingw32/16.1.0/../../../../x86_64-w64-mingw32/bin/ld.exe: cannot find -lSDL2_ttf: No such file or directory
collect2.exe: error: ld returned 1 exit status
